🔎 checking possible migrations..

🔎 found a 'remove-jest-testing-library' migration:
╭ Automigration detected ──────────────────────────────────────────────────────────────────────────────────────────────────────╮
│                                                                                                                              │
│   Attention: We've detected that you're using the following packages which are known to be incompatible since Storybook 8:   │
│                                                                                                                              │
│   - @storybook/testing-library                                                                                               │
│                                                                                                                              │
│   We will uninstall them for you and install @storybook/test instead.                                                        │
│                                                                                                                              │
│   Also, we can help you migrate your stories to use the new package.                                                         │
│                                                                                                                              │
╰──────────────────────────────────────────────────────────────────────────────────────────────────────────────────────────────╯
? Do you want to run the 'remove-jest-testing-library' migration on your project? › (Y/n)✔ Do you want to run the 'remove-jest-testing-library' migration on your project? … yes
? Please enter the glob for your stories to migrate to @storybook/test › ./src/**/*.stories.*✔ Please enter the glob for your stories to migrate to @storybook/test … ./src/**/*.stories.*
=> Applying migrate-to-test-package: 6 files
✅ ran remove-jest-testing-library migration

🔎 found a 'remove-argtypes-regex' migration:
╭ Manual migration detected ────────────────────────────────────────────────────────────────────────────────────╮
│                                                                                                               │
│   Attention: We've detected that you're using argTypesRegex:                                                  │
│                                                                                                               │
│   .storybook/preview.ts                                                                                       │
│     3 | const preview: Preview = {                                                                            │
│     4 |   parameters: {                                                                                       │
│   > 5 |     actions: { argTypesRegex: "^on[A-Z].*" },                                                         │
│       |                ^^^^^^^^^^^^^                                                                          │
│     6 |     controls: {                                                                                       │
│     7 |       matchers: {                                                                                     │
│     8 |         color: /(background|color)$/i,                                                                │
│                                                                                                               │
│   In Storybook you can write so-called play functions, which are used to render your stories interactively.   │
│   Mocking action args in play functions was done implicitly by analyzing the argTypesRegex.                   │
│                                                                                                               │
│   Since Storybook 8, implicit action args mocking isn't supported anymore.                                    │
│                                                                                                               │
│   Use the following command to check for mocked action usages in your play functions:                         │
│   npx storybook migrate find-implicit-spies --glob="**/*.stories.@(js|jsx|ts|tsx)"                            │
│                                                                                                               │
│   And follow the documentation to migrate your play functions:                                                │
│   https://storybook.js.org/docs/8.0/essentials/actions#via-storybooktest-fn-spy-function                      │
│                                                                                                               │
╰───────────────────────────────────────────────────────────────────────────────────────────────────────────────╯

? Select continue once you have made the required changes, or quit to exit the migration process › quit / continue? Select continue once you have made the required changes, or quit to exit the migration process › quit / continue? Select continue once you have made the required changes, or quit to exit the migration process › quit / continue✔ Select continue once you have made the required changes, or quit to exit the migration process … quit / continue

🔎 found a 'webpack5-compiler-setup' migration:
╭ Automigration detected ────────────────────────────────────────────────────────────────────────────────────────────────────────────────────────────╮
│                                                                                                                                                    │
│   Storybook's Webpack5 builder is now compiler agnostic, meaning you can choose a compiler addon that best fits your project:                      │
│                                                                                                                                                    │
│   - Babel: A vast ecosystem and is battle-tested. It's a robust choice if you have an extensive Babel setup or need specific Babel plugins for     │
│   your project.                                                                                                                                    │
│   - SWC:  Fast and easy to configure. Ideal if you want faster builds and have a straightforward configuration without the need for Babel's        │
│   extensibility.                                                                                                                                   │
│                                                                                                                                                    │
│   In the next step, Storybook will ask you to choose a compiler to automatically set it up for you.                                                │
│                                                                                                                                                    │
│   After the migration, you can switch Webpack5 compilers by swapping the addon in your project.                                                    │
│   You can find more information here: https://storybook.js.org/docs/8.0/builders/webpack#compiler-support                                          │
│                                                                                                                                                    │
╰────────────────────────────────────────────────────────────────────────────────────────────────────────────────────────────────────────────────────╯
? Do you want to run the 'webpack5-compiler-setup' migration on your project? › (Y/n)✔ Do you want to run the 'webpack5-compiler-setup' migration on your project? … yes
? Which compiler would you like to use? › - Use arrow-keys. Return to submit.
❯   Babel - Choose Babel for a vast ecosystem and battle-tested reliability.
    SWC
? Which compiler would you like to use? › - Use arrow-keys. Return to submit.
    Babel
❯   SWC - Choose SWC for fast builds and simple configuration.
? Which compiler would you like to use? › - Use arrow-keys. Return to submit.
❯   Babel - Choose Babel for a vast ecosystem and battle-tested reliability.
    SWC
✔ Which compiler would you like to use? › Babel
Verifying @storybook/addon-webpack5-compiler-babel
Installing @storybook/addon-webpack5-compiler-babel@^3.0.3
Adding '@storybook/addon-webpack5-compiler-babel' to main.js addons field.
✅ ran webpack5-compiler-setup migration

🔎 found a 'visual-tests-addon' migration:
╭ Automigration detected ────────────────────────────────────────────────────────────────────────────────────────────────────────────────────────────╮
│                                                                                                                                                    │
│   New to Storybook 8: Storybook's Visual Tests addon helps you catch unintentional changes/bugs in your stories. The addon is powered by           │
│   Chromatic, a cloud-based testing tool developed by Storybook's core team.                                                                        │
│                                                                                                                                                    │
│   Learn more: storybook.js.org/docs/writing-tests/visual-testing                                                                                   │
│                                                                                                                                                    │
│   Install Visual Tests addon in your project?                                                                                                      │
│                                                                                                                                                    │
╰────────────────────────────────────────────────────────────────────────────────────────────────────────────────────────────────────────────────────╯
? Do you want to run the 'visual-tests-addon' migration on your project? › (Y/n)✔ Do you want to run the 'visual-tests-addon' migration on your project? … yes

An error occurred while installing dependencies:
YARN1 error: @chromatic-com/storybook@1.3.3: The engine "yarn" is incompatible with this module. Expected version ">=1.22.18". Got "1.22.10"

Please check the logfile generated at ./storybook.log for troubleshooting and try again.
❌ error when running visual-tests-addon migration
HandledError: Error: YARN1 error: @chromatic-com/storybook@1.3.3: The engine "yarn" is incompatible with this module. Expected version ">=1.22.18". Got "1.22.10"

Please check the logfile generated at ./storybook.log for troubleshooting and try again.
    at Yarn1Proxy.addDependencies (/Users/stefano/Documents/bitcoin-ui-lib/node_modules/@storybook/core-common/dist/index.js:33:75)
    at async Object.run (/Users/stefano/Documents/bitcoin-ui-lib/node_modules/@storybook/cli/dist/generate.js:539:141)
    ... 3 lines matching cause stack trace ...
    at async Command.<anonymous> (/Users/stefano/Documents/bitcoin-ui-lib/node_modules/@storybook/cli/dist/generate.js:670:2876) {
  handled: true,
  cause: Error: YARN1 error: @chromatic-com/storybook@1.3.3: The engine "yarn" is incompatible with this module. Expected version ">=1.22.18". Got "1.22.10"
  
  Please check the logfile generated at ./storybook.log for troubleshooting and try again.
      at Yarn1Proxy.runAddDeps (/Users/stefano/Documents/bitcoin-ui-lib/node_modules/@storybook/core-common/dist/index.js:46:2210)
      at async Yarn1Proxy.addDependencies (/Users/stefano/Documents/bitcoin-ui-lib/node_modules/@storybook/core-common/dist/index.js:32:927)
      at async Object.run (/Users/stefano/Documents/bitcoin-ui-lib/node_modules/@storybook/cli/dist/generate.js:539:141)
      at async runFixes (/Users/stefano/Documents/bitcoin-ui-lib/node_modules/@storybook/cli/dist/generate.js:604:1794)
      at async automigrate (/Users/stefano/Documents/bitcoin-ui-lib/node_modules/@storybook/cli/dist/generate.js:602:1629)
      at async doAutomigrate (/Users/stefano/Documents/bitcoin-ui-lib/node_modules/@storybook/cli/dist/generate.js:602:651)
      at async Command.<anonymous> (/Users/stefano/Documents/bitcoin-ui-lib/node_modules/@storybook/cli/dist/generate.js:670:2876)
}


╭ Migration check ran with failures ─────────────────────────────────────────────────────────────────────────────────────────────────────────────────╮
│                                                                                                                                                    │
│   Successful migrations:                                                                                                                           │
│                                                                                                                                                    │
│   remove-jest-testing-library, webpack5-compiler-setup                                                                                             │
│                                                                                                                                                    │
│   Failed migrations:                                                                                                                               │
│                                                                                                                                                    │
│   visual-tests-addon:                                                                                                                              │
│   Error: YARN1 error: @chromatic-com/storybook@1.3.3: The engine "yarn" is incompatible with this module. Expected version ">=1.22.18". Got        │
│   "1.22.10"                                                                                                                                        │
│                                                                                                                                                    │
│   Please check the logfile generated at ./storybook.log for troubleshooting and try again.                                                         │
│                                                                                                                                                    │
│   You can find the full logs in /Users/stefano/Documents/bitcoin-ui-lib/migration-storybook.log                                                    │
│                                                                                                                                                    │
│   Manual migrations:                                                                                                                               │
│                                                                                                                                                    │
│   remove-argtypes-regex                                                                                                                            │
│                                                                                                                                                    │
│   ─────────────────────────────────────────────────                                                                                                │
│                                                                                                                                                    │
│   If you'd like to run the migrations again, you can do so by running 'npx storybook automigrate'                                                  │
│                                                                                                                                                    │
│   The automigrations try to migrate common patterns in your project, but might not contain everything needed to migrate to the latest version of   │
│   Storybook.                                                                                                                                       │
│                                                                                                                                                    │
│   Please check the changelog and migration guide for manual migrations and more information: https://storybook.js.org/docs/8.0/migration-guide     │
│   And reach out on Discord if you need help: https://discord.gg/storybook                                                                          │
│                                                                                                                                                    │
╰────────────────────────────────────────────────────────────────────────────────────────────────────────────────────────────────────────────────────╯

